// Jest Snapshot v1, https://goo.gl/fbAQLP

exports[`<Dropdown /> Should take a snapshot 1`] = `
<DocumentFragment>
  <div
    class="sc-bdvvtL jdbxvH"
    data-testid="dropdown-wrapper"
    id="dropdrow-id"
  >
    <div
      class="sc-gsDKAQ eOEBkQ"
      data-testid="select-wrapper"
    >
      Your Picks
    </div>
  </div>
</DocumentFragment>
`;
