// Jest Snapshot v1, https://goo.gl/fbAQLP

exports[`<BottomSheet /> Should take a snapshot 1`] = `
<DocumentFragment>
  <div
    aria-label="bottom-sheet-container"
    class="css-zlu9tc"
    data-testid="bottomsheet-container"
  >
    <div
      aria-label="backdrop"
      class="css-1fifkz0"
      data-testid="backdrop-container"
    />
    <div
      aria-label="bottom-sheet"
      class="css-1tqv9wj"
    >
      <p
        style="background: white;"
      />
      <div
        class="sc-bdvvtL efRztj"
        data-testid="navbar-wrapper"
      >
        <div
          class="sc-gsDKAQ cmHcgF"
          data-testid="nav-button"
          id="id"
        >
          <span
            class="sc-dkPtRN eNtPVD"
            data-testid="nav-text"
          >
            Your Picks
          </span>
        </div>
        <div
          class="sc-gsDKAQ kjYOaa"
          data-testid="nav-button"
          id="id"
        >
          <span
            class="sc-dkPtRN fbKlCn"
            data-testid="nav-text"
          >
            Discover
          </span>
        </div>
        <div
          class="sc-gsDKAQ kjYOaa"
          data-testid="nav-button"
          id="id"
        >
          <span
            class="sc-dkPtRN fbKlCn"
            data-testid="nav-text"
          >
            Categories
          </span>
        </div>
        <div
          class="sc-gsDKAQ kjYOaa"
          data-testid="nav-button"
          id="id"
        >
          <span
            class="sc-dkPtRN fbKlCn"
            data-testid="nav-text"
          >
            Gold
          </span>
        </div>
        <div
          class="sc-gsDKAQ kjYOaa"
          data-testid="nav-button"
          id="id"
        >
          <span
            class="sc-dkPtRN fbKlCn"
            data-testid="nav-text"
          >
            Collabs
          </span>
        </div>
        <div
          class="sc-gsDKAQ kjYOaa"
          data-testid="nav-button"
          id="id"
        >
          <span
            class="sc-dkPtRN fbKlCn"
            data-testid="nav-text"
          >
            Labs
          </span>
        </div>
      </div>
      <p />
    </div>
  </div>
</DocumentFragment>
`;
